// Jest Snapshot v1, https://goo.gl/fbAQLP

exports[`LinearDeterminate renders correctly 1`] = `
<div>
  <div
    class="css-184kej8-MuiStack-root"
  >
    <div
      class="css-13itmce-MuiStack-root"
    >
      <h4
        class="MuiTypography-root MuiTypography-h4 MuiTypography-alignCenter css-149xwtl-MuiTypography-root"
      >
        🍀 Technical Challenge
      </h4>
      <span
        aria-valuemax="100"
        aria-valuemin="0"
        aria-valuenow="0"
        class="MuiLinearProgress-root MuiLinearProgress-colorPrimary MuiLinearProgress-determinate css-10zxdc7-MuiLinearProgress-root"
        role="progressbar"
      >
        <span
          class="MuiLinearProgress-bar MuiLinearProgress-barColorPrimary MuiLinearProgress-bar1Determinate css-5xe99f-MuiLinearProgress-bar1"
          style="transform: translateX(-100%);"
        />
      </span>
      <h6
        class="MuiTypography-root MuiTypography-h6 MuiTypography-alignCenter css-1kgxqm0-MuiTypography-root"
      >
        Liven
      </h6>
    </div>
  </div>
</div>
`;
